
> taskflow-app@1.0.0 build
> vite build

[36mvite v5.4.21 [32mbuilding for production...[36m[39m
transforming...
[32mΓ£ô[39m 60 modules transformed.
node.exe : [31mx[39m Build 
failed in 552ms
At line:1 char:1
+ & "C:\Program 
Files\nodejs/node.exe" 
"C:\Program 
Files\nodejs/node_mo ...
+ ~~~~~~~~~~~~~~~~~~~~~~~~~~~~~~
~~~~~~~~~~~~~~~~~~~~~~~~~~~~~~~~
~~~~~~~
    + CategoryInfo          : N 
   otSpecified: ([31mx[39m B  
  uild failed in 552ms:String   
 ) [], RemoteException
    + FullyQualifiedErrorId : N 
   ativeCommandError
 
[31merror during build:
[31m[vite]: Rollup failed to 
resolve import 
"@heroicons/react/24/outline" 
from "C:/Users/Adrian/Documents/
GitHub/TaskFlowLW/components/Tas
kSummaryView.tsx".
This is most likely unintended 
because it can break your 
application at runtime.
If you do want to externalize 
this module explicitly add it to
`build.rollupOptions.external`[
31m
    at viteWarn (file:///C:/User
s/Adrian/Documents/GitHub/TaskFl
owLW/node_modules/vite/dist/node
/chunks/dep-BK3b2jBa.js:65855:17
)
    at onwarn (file:///C:/Users/
Adrian/Documents/GitHub/TaskFlow
LW/node_modules/@vitejs/plugin-r
eact/dist/index.js:90:7)
    at onRollupWarning (file:///
C:/Users/Adrian/Documents/GitHub
/TaskFlowLW/node_modules/vite/di
st/node/chunks/dep-BK3b2jBa.js:6
5885:5)
    at onwarn (file:///C:/Users/
Adrian/Documents/GitHub/TaskFlow
LW/node_modules/vite/dist/node/c
hunks/dep-BK3b2jBa.js:65550:7)
    at file:///C:/Users/Adrian/D
ocuments/GitHub/TaskFlowLW/node_
modules/rollup/dist/es/shared/no
de-entry.js:20995:13
    at Object.logger [as onLog] 
(file:///C:/Users/Adrian/Documen
ts/GitHub/TaskFlowLW/node_module
s/rollup/dist/es/shared/node-ent
ry.js:22968:9)
    at ModuleLoader.handleInvali
dResolvedId (file:///C:/Users/Ad
rian/Documents/GitHub/TaskFlowLW
/node_modules/rollup/dist/es/sha
red/node-entry.js:21712:26)
    at file:///C:/Users/Adrian/D
ocuments/GitHub/TaskFlowLW/node_
modules/rollup/dist/es/shared/no
de-entry.js:21670:26[39m
